[2026-09-14T14:47:32.749Z] [ message] [vmsvc] [475] VMware Tools Version: 12.2.0.41219 (build-21223074)
[2026-09-14T14:47:32.749Z] [ message] [vmsvc] [475] Guest OS details: architecture='X86' bitness='64' distroAddlVersion='12 (bookworm)' distroName='Debian GNU/Linux' distroVersion='12' familyName='Linux' kernelVersion='6.1.0-49-amd64' prettyName='Debian GNU/Linux 12 (bookworm)'
[2026-09-14T14:47:32.749Z] [ message] [vmsvc] [475] Log caching is enabled with maxCacheEntries=4096.
[2026-09-14T14:47:32.749Z] [ message] [vmsvc] [475] Core dump limit set to -1
[2026-09-14T14:47:32.779Z] [ message] [vmtoolsd] [475] Plugin 'hgfsServer' initialized.
[2026-09-14T14:47:32.779Z] [ message] [vix] [475] QueryVGAuthConfig: vgauth usage is: 1
[2026-09-14T14:47:32.779Z] [ message] [vmtoolsd] [475] Plugin 'vix' initialized.
[2026-09-14T14:47:32.779Z] [ message] [vmtoolsd] [475] Plugin 'appInfo' initialized.
[2026-09-14T14:47:32.779Z] [ message] [vmtoolsd] [475] Plugin 'componentMgr' initialized.
[2026-09-14T14:47:32.779Z] [ message] [vmtoolsd] [475] Plugin 'deployPkg' initialized.
[2026-09-14T14:47:32.779Z] [ message] [vmtoolsd] [475] Plugin 'gdp' initialized.
[2026-09-14T14:47:32.779Z] [ message] [vmtoolsd] [475] Plugin 'guestInfo' initialized.
[2026-09-14T14:47:32.779Z] [ message] [vmtoolsd] [475] Plugin 'guestStore' initialized.
[2026-09-14T14:47:32.779Z] [ message] [vmtoolsd] [475] Plugin 'powerops' initialized.
[2026-09-14T14:47:32.779Z] [ message] [resolutionCommon] [475] resolutionCheckForKMS: dlopen succeeded.
[2026-09-14T14:47:32.782Z] [ message] [resolutionCommon] [475] resolutionCheckForKMS: System support available for resolutionKMS.
[2026-09-14T14:47:32.782Z] [ message] [vmtoolsd] [475] Plugin 'resolutionKMS' initialized.
[2026-09-14T14:47:32.782Z] [ message] [vmtoolsd] [475] Plugin 'timeSync' initialized.
[2026-09-14T14:47:32.782Z] [ message] [vmtoolsd] [475] Plugin 'vmbackup' initialized.
[2026-09-14T14:47:36.204Z] [ message] [vmsvc] [475] Executing script for state change 'OS_PowerOn'.
[2026-09-14T14:47:36.204Z] [ message] [powerops] [475] Executing script: '/etc/vmware-tools/poweron-vm-default'
[2026-09-14T14:47:36.278Z] [ message] [vix] [475] VixTools_ProcessVixCommand: command 62
[2026-09-14T14:47:36.398Z] [ message] [vmsvc] [475] Script exit code: 0, success = 1
[2026-09-15T14:45:08.621Z] [ message] [vix] [475] VixTools_ProcessVixCommand: command 62
[2026-09-15T14:45:08.648Z] [ message] [vix] [475] ToolsDaemonTcloReceiveVixCommand: command 62, additionalError = 17
